thread 'rustc' panicked at 'not implemented: Param(L/#2)', prusti-viper/src/encoder/encoder.rs:335:18
stack backtrace:
   0: rust_begin_unwind
             at /rustc/5ecc8ad8462574354a55162a0c16b10eb95e3e70/library/std/src/panicking.rs:517:5
   1: core::panicking::panic_fmt
             at /rustc/5ecc8ad8462574354a55162a0c16b10eb95e3e70/library/core/src/panicking.rs:103:14
   2: prusti_viper::encoder::encoder::Encoder::const_eval_intlike
             at /home/runner/work/prusti-dev/prusti-dev/prusti-viper/src/encoder/encoder.rs:335:18
   3: prusti_viper::encoder::mir::types::encoder::TypeEncoder::compute_array_len
             at /home/runner/work/prusti-dev/prusti-dev/prusti-viper/src/encoder/mir/types/encoder.rs:86:9
   4: prusti_viper::encoder::mir::types::encoder::TypeEncoder::encode_type
             at /home/runner/work/prusti-dev/prusti-dev/prusti-viper/src/encoder/mir/types/encoder.rs:164:33
   5: <prusti_viper::encoder::encoder::Encoder as prusti_viper::encoder::mir::types::interface::MirTypeEncoderInterface>::encode_type_high
             at /home/runner/work/prusti-dev/prusti-dev/prusti-viper/src/encoder/mir/types/interface.rs:84:32
   6: prusti_viper::encoder::mir::types::encoder::TypeEncoder::encode_type
             at /home/runner/work/prusti-dev/prusti-dev/prusti-viper/src/encoder/mir/types/encoder.rs:119:63
   7: <prusti_viper::encoder::encoder::Encoder as prusti_viper::encoder::mir::types::interface::MirTypeEncoderInterface>::encode_type_high
             at /home/runner/work/prusti-dev/prusti-dev/prusti-viper/src/encoder/mir/types/interface.rs:84:32
   8: prusti_viper::encoder::mir::types::encoder::TypeEncoder::encode_variant
             at /home/runner/work/prusti-dev/prusti-dev/prusti-viper/src/encoder/mir/types/encoder.rs:277:57
   9: prusti_viper::encoder::mir::types::encoder::TypeEncoder::encode_type_def
             at /home/runner/work/prusti-dev/prusti-dev/prusti-viper/src/encoder/mir/types/encoder.rs:323:39
  10: <prusti_viper::encoder::encoder::Encoder as prusti_viper::encoder::mir::types::interface::MirTypeEncoderInterface>::encode_type_def
             at /home/runner/work/prusti-dev/prusti-dev/prusti-viper/src/encoder/mir/types/interface.rs:123:32
  11: <prusti_viper::encoder::encoder::Encoder as prusti_viper::encoder::high::types::interface::HighTypeEncoderInterfacePrivate>::ensure_viper_predicate_encoded
             at /home/runner/work/prusti-dev/prusti-dev/prusti-viper/src/encoder/high/types/interface.rs:62:37
  12: <prusti_viper::encoder::encoder::Encoder as prusti_viper::encoder::high::types::interface::HighTypeEncoderInterface>::ensure_type_predicate_encoded
             at /home/runner/work/prusti-dev/prusti-dev/prusti-viper/src/encoder/high/types/interface.rs:207:9
  13: <prusti_viper::encoder::encoder::Encoder as prusti_viper::encoder::high::types::interface::HighTypeEncoderInterface>::encode_type
             at /home/runner/work/prusti-dev/prusti-dev/prusti-viper/src/encoder/high/types/interface.rs:190:13
  14: prusti_viper::encoder::snapshot::encoder::SnapshotEncoder::encode_snapshot
             at /home/runner/work/prusti-dev/prusti-dev/prusti-viper/src/encoder/snapshot/encoder.rs:609:30
  15: prusti_viper::encoder::snapshot::encoder::SnapshotEncoder::encode_type
             at /home/runner/work/prusti-dev/prusti-dev/prusti-viper/src/encoder/snapshot/encoder.rs:591:9
  16: <prusti_viper::encoder::encoder::Encoder as prusti_viper::encoder::snapshot::interface::SnapshotEncoderInterface>::encode_snapshot_type
             at /home/runner/work/prusti-dev/prusti-dev/prusti-viper/src/encoder/snapshot/interface.rs:163:9
  17: prusti_viper::encoder::mir::pure_functions::encoder::PureFunctionEncoder::encode_local
             at /home/runner/work/prusti-dev/prusti-dev/prusti-viper/src/encoder/mir/pure_functions/encoder.rs:399:24
  18: prusti_viper::encoder::mir::pure_functions::encoder::PureFunctionEncoder::encode_precondition_expr
             at /home/runner/work/prusti-dev/prusti-dev/prusti-viper/src/encoder/mir/pure_functions/encoder.rs:304:21
  19: prusti_viper::encoder::mir::pure_functions::encoder::PureFunctionEncoder::encode_function_given_body
             at /home/runner/work/prusti-dev/prusti-dev/prusti-viper/src/encoder/mir/pure_functions/encoder.rs:203:54
  20: prusti_viper::encoder::mir::pure_functions::encoder::PureFunctionEncoder::encode_bodyless_function
             at /home/runner/work/prusti-dev/prusti-dev/prusti-viper/src/encoder/mir/pure_functions/encoder.rs:142:9
  21: <prusti_viper::encoder::encoder::Encoder as prusti_viper::encoder::mir::pure_functions::interface::PureFunctionEncoderInterface>::encode_pure_function_def::{{closure}}
             at /home/runner/work/prusti-dev/prusti-dev/prusti-viper/src/encoder/mir/pure_functions/interface.rs:167:26
  22: <prusti_viper::encoder::encoder::Encoder as prusti_viper::encoder::mir::pure_functions::interface::PureFunctionEncoderInterface>::encode_pure_function_def
             at /home/runner/work/prusti-dev/prusti-dev/prusti-viper/src/encoder/mir/pure_functions/interface.rs:159:84
  23: prusti_viper::encoder::encoder::Encoder::process_encoding_queue
             at /home/runner/work/prusti-dev/prusti-dev/prusti-viper/src/encoder/encoder.rs:806:37
  24: prusti_viper::verifier::Verifier::verify
             at /home/runner/work/prusti-dev/prusti-dev/prusti-viper/src/verifier.rs:246:9
  25: prusti_driver::verifier::verify
             at /home/runner/work/prusti-dev/prusti-dev/prusti/src/verifier.rs:51:39
  26: <prusti_driver::callbacks::PrustiCompilerCalls as rustc_driver::Callbacks>::after_analysis::{{closure}}
             at /home/runner/work/prusti-dev/prusti-dev/prusti/src/callbacks.rs:110:17
  27: rustc_interface::passes::QueryContext::enter::{{closure}}
             at /rustc/5ecc8ad8462574354a55162a0c16b10eb95e3e70/compiler/rustc_interface/src/passes.rs:778:42
  28: rustc_middle::ty::context::tls::enter_context::{{closure}}
             at /rustc/5ecc8ad8462574354a55162a0c16b10eb95e3e70/compiler/rustc_middle/src/ty/context.rs:1780:50
  29: rustc_middle::ty::context::tls::set_tlv
             at /rustc/5ecc8ad8462574354a55162a0c16b10eb95e3e70/compiler/rustc_middle/src/ty/context.rs:1764:9
  30: rustc_middle::ty::context::tls::enter_context
             at /rustc/5ecc8ad8462574354a55162a0c16b10eb95e3e70/compiler/rustc_middle/src/ty/context.rs:1780:9
  31: rustc_interface::passes::QueryContext::enter
             at /rustc/5ecc8ad8462574354a55162a0c16b10eb95e3e70/compiler/rustc_interface/src/passes.rs:778:9
  32: <prusti_driver::callbacks::PrustiCompilerCalls as rustc_driver::Callbacks>::after_analysis
             at /home/runner/work/prusti-dev/prusti-dev/prusti/src/callbacks.rs:72:9
  33: rustc_interface::queries::<impl rustc_interface::interface::Compiler>::enter
  34: rustc_span::with_source_map
  35: scoped_tls::ScopedKey<T>::set
